{{<14>1 2015-06-23T13:47:09.123-0500 worker-host test-program 222 animal-status [animal-status@42 animal="" state=""] ﻿The snake is loose}}
{{test-program: }}
{{The snake is loose}}

{{<22>1 2015-06-23T13:47:09.123-0500 worker-host test-program 222 animal-consumed [animal-consumed@42 animal="" pet=""] ﻿My snake ate your hamster}}
{{test-program: }}
{{My snake ate your hamster}}

{{<29>1 2015-06-23T13:47:09.123-0500 worker-host test-program 222 animal-talk [animal-talk@42 count="" animal="" quote=""] ﻿1 owl said "e=m\c[2]"}}
{{test-program: }}
{{1 owl said "e=m\c[2]"}}

{{<165>1 2015-06-23T13:47:09.123-0500 worker-host test-program 222 ID47 [ID47@32473 iut="" event-source="" event-id=""] ﻿An application 1011 log entry}}
{{test-program: }}
{{An application 1011 log entry}}

