op create: [] []
op open_container: [top] []
op open_container: [data] []
op open_container: [contents] []
op open_list: [item] []
op open_instance: [item] []
op string: [name] [gum]
op content: [count] [1412]
op close_instance: [item] []
op open_instance: [item] []
op string: [name] [rope]
op content: [count] [85]
op close_instance: [item] []
op open_instance: [item] []
op string: [name] [ladder]
op content: [count] [0]
op close_instance: [item] []
op open_instance: [item] []
op string: [name] [bolt]
op content: [count] [4123]
op close_instance: [item] []
op open_instance: [item] []
op string: [name] [water]
op content: [count] [17]
op close_instance: [item] []
op close_list: [item] []
op close_container: [contents] []
op close_container: [data] []
op open_container: [data2] []
op open_container: [contents] []
op open_list: [item] []
op open_instance: [item] []
op string: [name] [gum]
op content: [count] [1412]
op close_instance: [item] []
op open_instance: [item] []
op string: [name] [rope]
op content: [count] [85]
op close_instance: [item] []
op open_instance: [item] []
op string: [name] [ladder]
op content: [count] [0]
op close_instance: [item] []
op open_instance: [item] []
op string: [name] [bolt]
op content: [count] [4123]
op close_instance: [item] []
op open_instance: [item] []
op string: [name] [water]
op content: [count] [17]
op close_instance: [item] []
op close_list: [item] []
op close_container: [contents] []
op close_container: [data2] []
op open_container: [data3] []
op open_container: [contents] []
op open_list: [item] []
op open_instance: [item] []
op string: [name] [gum]
op content: [count] [1412]
op close_instance: [item] []
op open_instance: [item] []
op string: [name] [rope]
op content: [count] [85]
op close_instance: [item] []
op open_instance: [item] []
op string: [name] [ladder]
op content: [count] [0]
op close_instance: [item] []
op open_instance: [item] []
op string: [name] [bolt]
op content: [count] [4123]
op close_instance: [item] []
op open_instance: [item] []
op string: [name] [water]
op content: [count] [17]
op string: [test] [one]
op close_instance: [item] []
op close_list: [item] []
op close_container: [contents] []
op close_container: [data3] []
op open_container: [data4] []
op open_container: [contents] []
op open_list: [item] []
op open_instance: [item] []
op string: [name] [gum]
op content: [count] [1412]
op open_list: [sub] []
op open_instance: [sub] []
op content: [name] [0]
op content: [next] [1]
op close_instance: [sub] []
op open_instance: [sub] []
op content: [name] [1]
op content: [next] [2]
op close_instance: [sub] []
op open_instance: [sub] []
op content: [name] [2]
op content: [next] [3]
op close_instance: [sub] []
op close_list: [sub] []
op content: [last] [3]
op close_instance: [item] []
op open_instance: [item] []
op string: [name] [rope]
op content: [count] [85]
op open_list: [sub] []
op open_instance: [sub] []
op content: [name] [0]
op content: [next] [1]
op close_instance: [sub] []
op open_instance: [sub] []
op content: [name] [1]
op content: [next] [2]
op close_instance: [sub] []
op open_instance: [sub] []
op content: [name] [2]
op content: [next] [3]
op close_instance: [sub] []
op close_list: [sub] []
op content: [last] [3]
op close_instance: [item] []
op open_instance: [item] []
op string: [name] [ladder]
op content: [count] [0]
op open_list: [sub] []
op open_instance: [sub] []
op content: [name] [0]
op content: [next] [1]
op close_instance: [sub] []
op open_instance: [sub] []
op content: [name] [1]
op content: [next] [2]
op close_instance: [sub] []
op open_instance: [sub] []
op content: [name] [2]
op content: [next] [3]
op close_instance: [sub] []
op close_list: [sub] []
op content: [last] [3]
op close_instance: [item] []
op open_instance: [item] []
op string: [name] [bolt]
op content: [count] [4123]
op open_list: [sub] []
op open_instance: [sub] []
op content: [name] [0]
op content: [next] [1]
op close_instance: [sub] []
op open_instance: [sub] []
op content: [name] [1]
op content: [next] [2]
op close_instance: [sub] []
op open_instance: [sub] []
op content: [name] [2]
op content: [next] [3]
op close_instance: [sub] []
op close_list: [sub] []
op content: [last] [3]
op close_instance: [item] []
op open_instance: [item] []
op string: [name] [water]
op content: [count] [17]
op open_list: [sub] []
op open_instance: [sub] []
op content: [name] [0]
op content: [next] [1]
op close_instance: [sub] []
op open_instance: [sub] []
op content: [name] [1]
op content: [next] [2]
op close_instance: [sub] []
op open_instance: [sub] []
op content: [name] [2]
op content: [next] [3]
op close_instance: [sub] []
op close_list: [sub] []
op content: [last] [3]
op string: [test] [one]
op close_instance: [item] []
op close_list: [item] []
op close_container: [contents] []
op close_container: [data4] []
op close_container: [top] []
op finish: [] []
op flush: [] []
