op create: [] []
op open_container: [employees] []
op open_list: [test] []
op open_instance: [test] []
op string: [filename] [(null)]
op close_instance: [test] []
op close_list: [test] []
op string: [v1] [γιγνώσκειν]
op string: [v2] [ὦ ἄνδρες ᾿Αθηναῖοι]
op content: [columns] [28]
op content: [columns] [2]
op string: [v1] [ახლავე გაიაროთ რეგისტრაცია]
op string: [v2] [Unicode-ის მეათე საერთაშორისო]
op content: [columns] [55]
op content: [columns] [0]
op open_list: [employee] []
op open_instance: [employee] []
op string: [first-name] [Jim]
op string: [nic-name] ["რეგტ"]
op string: [last-name] [გთხოვთ ახ]
op content: [department] [431]
op content: [percent-time] [90]
op content: [columns] [23]
op attr: [full-time] [honest & for true]
op string: [benefits] [full]
op close_instance: [employee] []
op open_instance: [employee] []
op string: [first-name] [Terry]
op string: [nic-name] ["<one"]
op string: [last-name] [Οὐχὶ ταὐτὰ παρίσταταί μοι Jones]
op content: [department] [660]
op content: [percent-time] [90]
op content: [columns] [47]
op attr: [full-time] [honest & for true]
op string: [benefits] [full]
op close_instance: [employee] []
op open_instance: [employee] []
op string: [first-name] [Leslie]
op string: [nic-name] ["Les"]
op string: [last-name] [Patterson]
op content: [department] [341]
op content: [percent-time] [60]
op content: [columns] [25]
op attr: [full-time] [honest & for true]
op string: [benefits] [full]
op close_instance: [employee] []
op open_instance: [employee] []
op string: [first-name] [Ashley]
op string: [nic-name] ["Ash"]
op string: [last-name] [Meter & Smith]
op content: [department] [1440]
op content: [percent-time] [40]
op content: [columns] [30]
op close_instance: [employee] []
op open_instance: [employee] []
op string: [first-name] [0123456789]
op string: [nic-name] ["0123456789"]
op string: [last-name] [012345678901234567890]
op content: [department] [1440]
op content: [percent-time] [40]
op content: [columns] [49]
op close_instance: [employee] []
op open_instance: [employee] []
op string: [first-name] [ახლა]
op string: [nic-name] ["გაიარო"]
op string: [last-name] [საერთაშორისო]
op content: [department] [123]
op content: [percent-time] [90]
op content: [columns] [29]
op attr: [full-time] [honest & for true]
op string: [benefits] [full]
op close_instance: [employee] []
op close_list: [employee] []
op close_container: [employees] []
op finish: [] []
op flush: [] []
