op create: [] []
op open_container: [employees] []
op open_list: [employee] []
op close_list: [employee] []
op string: [extra] []
op open_list: [memory] []
op open_instance: [memory] []
op string: [type] [name]
op content: [in-use] [12345]
op content: [memory-use] [54321]
op string: [high-use] [-]
op content: [requests] [32145]
op close_instance: [memory] []
op close_list: [memory] []
op open_list: [employee] []
op open_instance: [employee] []
op string: [first-name] [Terry]
op string: [last-name] [Jones]
op content: [department] [660]
op close_instance: [employee] []
op open_instance: [employee] []
op string: [first-name] [Leslie]
op string: [last-name] [Patterson]
op content: [department] [341]
op close_instance: [employee] []
op open_instance: [employee] []
op string: [first-name] [Ashley]
op string: [last-name] [Smith]
op content: [department] [1440]
op close_instance: [employee] []
op close_list: [employee] []
op close_container: [employees] []
op finish: [] []
op flush: [] []
