op create: [] []
op version: [] [3.1.4]
op open_container: [top] []
op attr: [test] [value]
op open_container: [data] []
op open_list: [item] []
op attr: [test2] [value2]
op close_list: [item] []
op string: [data] [bold]
op string: [data] [bold-ul]
op string: [data] [triple]
op string: [data] [inv-ul]
op string: [data] [underline]
op string: [data] [plain]
op open_list: [item] []
op open_instance: [item] []
op attr: [test3] [value3]
op string: [sku] [GRO-000-415]
op string: [name] [gum]
op content: [sold] [1412]
op content: [in-stock] [54]
op content: [on-order] [10]
op close_instance: [item] []
op open_instance: [item] []
op attr: [test3] [value3]
op string: [sku] [HRD-000-212]
op string: [name] [rope]
op content: [sold] [85]
op content: [in-stock] [4]
op content: [on-order] [2]
op close_instance: [item] []
op open_instance: [item] []
op attr: [test3] [value3]
op string: [sku] [HRD-000-517]
op string: [name] [ladder]
op content: [sold] [0]
op content: [in-stock] [2]
op content: [on-order] [1]
op close_instance: [item] []
op open_instance: [item] []
op attr: [test3] [value3]
op string: [sku] [HRD-000-632]
op string: [name] [bolt]
op content: [sold] [4123]
op content: [in-stock] [144]
op content: [on-order] [42]
op close_instance: [item] []
op open_instance: [item] []
op attr: [test3] [value3]
op string: [sku] [GRO-000-2331]
op string: [name] [water]
op content: [sold] [17]
op content: [in-stock] [14]
op content: [on-order] [2]
op close_instance: [item] []
op close_list: [item] []
op close_container: [data] []
op open_container: [data] []
op open_list: [item] []
op open_instance: [item] []
op string: [sku] [GRO-000-415]
op string: [name] [gum]
op content: [sold] [1412.0]
op content: [in-stock] [54]
op content: [on-order] [10]
op close_instance: [item] []
op open_instance: [item] []
op string: [sku] [HRD-000-212]
op string: [name] [rope]
op content: [sold] [85.0]
op content: [in-stock] [4]
op content: [on-order] [2]
op close_instance: [item] []
op open_instance: [item] []
op string: [sku] [HRD-000-517]
op string: [name] [ladder]
op content: [sold] [0]
op content: [in-stock] [2]
op content: [on-order] [1]
op close_instance: [item] []
op open_instance: [item] []
op string: [sku] [HRD-000-632]
op string: [name] [bolt]
op content: [sold] [4123.0]
op content: [in-stock] [144]
op content: [on-order] [42]
op close_instance: [item] []
op open_instance: [item] []
op string: [sku] [GRO-000-2331]
op string: [name] [water]
op content: [sold] [17.0]
op content: [in-stock] [14]
op content: [on-order] [2]
op close_instance: [item] []
op close_list: [item] []
op close_container: [data] []
op open_container: [data] []
op open_list: [item] []
op open_instance: [item] []
op string: [sku] [GRO-000-533]
op string: [name] [fish]
op content: [sold] [1321.0]
op content: [in-stock] [45]
op content: [on-order] [1]
op close_instance: [item] []
op close_list: [item] []
op close_container: [data] []
op open_container: [data] []
op open_list: [item] []
op attr: [test4] [value4]
op string: [item] [gum]
op attr: [test4] [value4]
op string: [item] [rope]
op attr: [test4] [value4]
op string: [item] [ladder]
op attr: [test4] [value4]
op string: [item] [bolt]
op attr: [test4] [value4]
op string: [item] [water]
op close_list: [item] []
op close_container: [data] []
op content: [cost] [425]
op content: [cost] [455]
op close_container: [top] []
op finish: [] []
op flush: [] []
