op create: [] []
op open_container: [indian-languages] []
op string: [gurmukhi] [ਲਹੌਰ ਪਾਕਿਸਤਾਨੀ ਪੰਜਾਬ ਦੀ ਰਾਜਧਾਨੀ ਹੈ । ਲੋਕ ਗਿਣਤੀ ਦੇ ਨਾਲ ਕਰਾਚੀ ਤੋਂ ਬਾਅਦ ਲਹੌਰ ਦੂਜਾ ਸਭ ਤੋਂ ਵੱਡਾ ਸ਼ਹਿਰ ਹੈ । ਲਹੌਰ ਪਾਕਿਸਤਾਨ ਦਾ ਸਿਆਸੀ, ਰਹਤਲੀ ਤੇ ਪੜ੍ਹਾਈ ਦਾ ਗੜ੍ਹ ਹੈ ਅਤੇ ਇਸ ਲਈ ਇਹਨੂੰ ਪਾਕਿਸਤਾਨ ਦਾ ਦਿਲ ਵੀ ਕਿਹਾ ਜਾਂਦਾ ਹੈ । ਲਹੌਰ ਦਰਿਆ-ਏ-ਰਾਵੀ ਦੇ ਕੰਢੇ ਤੇ ਵਸਦਾ ਹੈ ਤੇ ਇਸਦੀ ਲੋਕ ਗਿਣਤੀ ਇੱਕ ਕਰੋੜ ਦੇ ਨੇੜੇ ਹੈ ।]
op string: [shahmukhi] [لہور پاکستانی پنجاب دا دارالحکومت اے۔ لوک گنتی دے نال کراچی توں بعد لہور دوجا سبھ توں وڈا شہر اے۔ لہور پاکستان دا سیاسی، رہتلی تے پڑھائی دا گڑھ اے تے اس لئی ایھنوں پاکستان دا دل وی کیھا جاندا اے۔ لہور دریاۓ راوی دے کنڈھے تے وسدا اے اسدی لوک گنتی اک کروڑ دے نیڑے اے ۔]
op string: [tranliteration] [lahor pākistān panjāb dā dārul hakūmat ē. lōk giṇtī dē nāḷ karācī tō᷈ bāad lahor dūjā sab tō᷈ vaḍḍā shahr ē. lahor pākistān dā siāsī, rahtalī tē paṛā̀ī dā gā́ṛ ē tē is laī ihnū᷈ pākistān dā dil vī kehā jāndā ē. lahor dariāē rāvī dē kanḍē tē vasdā ē. isdī lōk giṇtī ikk karōṛ dē nēṛē ē.]
op close_container: [indian-languages] []
op open_container: [employees] []
op open_leaf_list: [wc] []
op string: [wc] [෴ - 0xdf4 - 1]
op string: [wc] [ණ - 0xdab - 1]
op string: [wc] [් - 0xdca - 0]
op string: [wc] [ණ - 0xdab - 1]
op string: [wc] [្ - 0x17d2 - 0]
op string: [wc] [෴ - 0xdf4 - 1]
op string: [wc] [1 - 0x31 - 1]
op string: [wc] [͏ - 0x34f - 0]
op string: [wc] [2 - 0x32 - 1]
op string: [wc] [⃝ - 0x20dd - 0]
op close_leaf_list: [wc] []
op string: [fancy] [1͏2⃝]
op string: [v1] [γιγνώσκειν]
op string: [v2] [ὦ ἄνδρες ᾿Αθηναῖοι]
op string: [v1] [ახლავე გაიაროთ რეგისტრაცია]
op string: [v2] [Unicode-ის მეათე საერთაშორისო]
op content: [width] [55]
op string: [sinhala] [෴ණ්ණ෴]
op content: [width] [4]
op string: [sinhala] [෴]
op content: [width] [1]
op string: [sinhala] [෴ණ්ණ෴෴ණ්ණ෴]
op content: [width] [8]
op string: [not-sinhala] [123456]
op string: [tag] [ර්‍ඝ]
op content: [width] [2]
op open_list: [employee] []
op open_instance: [employee] []
op string: [first-name] [Jim]
op string: [nic-name] ["რეგტ"]
op string: [last-name] [გთხოვთ ახ]
op content: [department] [431]
op content: [percent-time] [90]
op attr: [full-time] [honest & for true]
op string: [benefits] [full]
op close_instance: [employee] []
op open_instance: [employee] []
op string: [first-name] [Terry]
op string: [nic-name] ["<one"]
op string: [last-name] [Οὐχὶ ταὐτὰ παρίσταταί μοι Jones]
op content: [department] [660]
op content: [percent-time] [90]
op attr: [full-time] [honest & for true]
op string: [benefits] [full]
op close_instance: [employee] []
op open_instance: [employee] []
op string: [first-name] [Leslie]
op string: [nic-name] ["Les"]
op string: [last-name] [Patterson]
op content: [department] [341]
op content: [percent-time] [60]
op attr: [full-time] [honest & for true]
op string: [benefits] [full]
op close_instance: [employee] []
op open_instance: [employee] []
op string: [first-name] [Ashley]
op string: [nic-name] ["Ash"]
op string: [last-name] [Meter & Smith]
op content: [department] [1440]
op content: [percent-time] [40]
op close_instance: [employee] []
op open_instance: [employee] []
op string: [first-name] [0123456789]
op string: [nic-name] ["0123456789"]
op string: [last-name] [012345678901234567890]
op content: [department] [1440]
op content: [percent-time] [40]
op close_instance: [employee] []
op open_instance: [employee] []
op string: [first-name] [ახლა]
op string: [nic-name] ["გაიარო"]
op string: [last-name] [საერთაშორისო]
op content: [department] [123]
op content: [percent-time] [90]
op attr: [full-time] [honest & for true]
op string: [benefits] [full]
op close_instance: [employee] []
op open_instance: [employee] []
op string: [first-name] [෴ණ්ණ෴෴ණ්ණ෴]
op string: [nic-name] ["Mick"]
op string: [last-name] [෴ණ්ණ෴෴ණ්ණ෴෴ණ්ණ෴෴෴]
op content: [department] [110]
op content: [percent-time] [20]
op close_instance: [employee] []
op close_list: [employee] []
op close_container: [employees] []
op finish: [] []
op flush: [] []
