<div class="line"><div class="text">The </div><div class="data" data-tag="name">thing</div><div class="text"> is </div><div class="data" data-tag="color">green</div><div class="text"> til </div><div class="data" data-tag="time">02:15</div></div><div class="line"><div class="text">My </div><div class="data" data-tag="hand">left</div><div class="text"> hand is </div><div class="data" data-tag="color">blue</div><div class="text"> til </div><div class="data" data-tag="time">03:45</div></div><div class="line"><div class="text">The </div><div class="data" data-tag="name">thing</div><div class="text"> is </div><div class="data" data-tag="color">green</div><div class="text"> til </div><div class="data" data-tag="time">02:15</div></div><div class="line"><div class="text">My </div><div class="data" data-tag="hand">left</div><div class="text"> hand is </div><div class="data" data-tag="color">blue</div><div class="text"> til </div><div class="data" data-tag="time">03:45</div></div><div class="line"><div class="text">The </div><div class="data" data-tag="name">thing</div><div class="text"> is </div><div class="data" data-tag="color">green</div><div class="text"> til </div><div class="data" data-tag="time">02:15</div></div><div class="line"><div class="text">My </div><div class="data" data-tag="hand">left</div><div class="text"> hand is </div><div class="data" data-tag="color">blue</div><div class="text"> til </div><div class="data" data-tag="time">03:45</div></div><div class="line"><div class="text">The </div><div class="data" data-tag="name">thing</div><div class="text"> is </div><div class="data" data-tag="color">green</div><div class="text"> til </div><div class="data" data-tag="time">02:15</div></div><div class="line"><div class="text">My </div><div class="data" data-tag="hand">left</div><div class="text"> hand is </div><div class="data" data-tag="color">blue</div><div class="text"> til </div><div class="data" data-tag="time">03:45</div></div><div class="line"><div class="text">The </div><div class="data" data-tag="name">thing</div><div class="text"> is </div><div class="data" data-tag="color">green</div><div class="text"> til </div><div class="data" data-tag="time">02:15</div></div><div class="line"><div class="text">My </div><div class="data" data-tag="hand">left</div><div class="text"> hand is </div><div class="data" data-tag="color">blue</div><div class="text"> til </div><div class="data" data-tag="time">03:45</div></div><div class="line"><div class="text">The </div><div class="data" data-tag="name">thing</div><div class="text"> is </div><div class="data" data-tag="color">green</div><div class="text"> til </div><div class="data" data-tag="time">02:15</div></div><div class="line"><div class="text">My </div><div class="data" data-tag="hand">left</div><div class="text"> hand is </div><div class="data" data-tag="color">blue</div><div class="text"> til </div><div class="data" data-tag="time">03:45</div></div><div class="line"><div class="text">The </div><div class="data" data-tag="name">thing</div><div class="text"> is </div><div class="data" data-tag="color">green</div><div class="text"> til </div><div class="data" data-tag="time">02:15</div></div><div class="line"><div class="text">My </div><div class="data" data-tag="hand">left</div><div class="text"> hand is </div><div class="data" data-tag="color">blue</div><div class="text"> til </div><div class="data" data-tag="time">03:45</div></div><div class="line"><div class="text">The </div><div class="data" data-tag="name">thing</div><div class="text"> is </div><div class="data" data-tag="color">green</div><div class="text"> til </div><div class="data" data-tag="time">02:15</div></div><div class="line"><div class="text">My </div><div class="data" data-tag="hand">left</div><div class="text"> hand is </div><div class="data" data-tag="color">blue</div><div class="text"> til </div><div class="data" data-tag="time">03:45</div></div><div class="line"><div class="text">The </div><div class="data" data-tag="name">thing</div><div class="text"> is </div><div class="data" data-tag="color">green</div><div class="text"> til </div><div class="data" data-tag="time">02:15</div></div><div class="line"><div class="text">My </div><div class="data" data-tag="hand">left</div><div class="text"> hand is </div><div class="data" data-tag="color">blue</div><div class="text"> til </div><div class="data" data-tag="time">03:45</div></div><div class="line"><div class="text">The </div><div class="data" data-tag="name">thing</div><div class="text"> is </div><div class="data" data-tag="color">green</div><div class="text"> til </div><div class="data" data-tag="time">02:15</div></div><div class="line"><div class="text">My </div><div class="data" data-tag="hand">left</div><div class="text"> hand is </div><div class="data" data-tag="color">blue</div><div class="text"> til </div><div class="data" data-tag="time">03:45</div></div>