op create: [] []
op open_container: [top] []
op open_container: [data] []
op string: [what] [braces]
op string: [length] [abcdef]
op content: [fd] [-1]
op string: [error] [Bad file descriptor]
op string: [test] [good]
op content: [fd] [-1]
op string: [error] [Bad fi]
op string: [test] [good]
op content: [lines] [20]
op content: [words] [30]
op content: [characters] [40]
op open_leaf_list: [bytes] []
op content: [bytes] [0]
op content: [bytes] [1]
op content: [bytes] [2]
op content: [bytes] [3]
op content: [bytes] [4]
op close_leaf_list: [bytes] []
op content: [mbuf-current] [10]
op content: [mbuf-cache] [20]
op content: [mbuf-total] [30]
op content: [distance] [50]
op string: [location] [Boston]
op content: [memory] [64]
op content: [total] [640]
op content: [memory] [64]
op content: [total] [640]
op content: [ten] [10]
op content: [eleven] [11]
op content: [unknown] [1010]
op content: [unknown] [1010]
op content: [min] [15]
op content: [cur] [20]
op content: [max] [30]
op content: [min] [15]
op content: [cur] [20]
op content: [max] [125]
op content: [min] [15]
op content: [cur] [20]
op content: [max] [125]
op content: [min] [15]
op content: [cur] [20]
op content: [max] [125]
op content: [val1] [21]
op content: [val2] [58368]
op content: [val3] [100663296]
op content: [val4] [44470272]
op content: [val5] [1342172800]
op open_list: [flag] []
op string: [flag] [one]
op string: [flag] [two]
op string: [flag] [three]
op close_list: [flag] []
op content: [works] [null]
op content: [empty-tag] [true]
op string: [t1] [1000]
op string: [t2] [test5000]
op string: [t3] [ten-longx]
op string: [t4] [xtest]
op content: [count] [10]
op content: [test] [4]
op close_container: [data] []
op close_container: [top] []
op finish: [] []
op flush: [] []
