The thing is green til 02:15
My left hand is blue til 03:45
The thing is green til 02:15
My left hand is blue til 03:45
The thing is green til 02:15
My left hand is blue til 03:45
The thing is green til 02:15
My left hand is blue til 03:45
The thing is green til 02:15
My left hand is blue til 03:45
The thing is green til 02:15
My left hand is blue til 03:45
The thing is green til 02:15
My left hand is blue til 03:45
The thing is green til 02:15
My left hand is blue til 03:45
The thing is green til 02:15
My left hand is blue til 03:45
The thing is green til 02:15
My left hand is blue til 03:45
