op create: [] []
op open_container: [top] []
op open_container: [data] []
op open_list: [thing] []
op open_instance: [thing] []
op string: [name] [thing]
op string: [color] [green]
op content: [time] [2:15]
op string: [hand] [left]
op string: [color] [blue]
op content: [time] [3:45]
op close_instance: [thing] []
op open_instance: [thing] []
op string: [name] [thing]
op string: [color] [green]
op content: [time] [2:15]
op string: [hand] [left]
op string: [color] [blue]
op content: [time] [3:45]
op close_instance: [thing] []
op open_instance: [thing] []
op string: [name] [thing]
op string: [color] [green]
op content: [time] [2:15]
op string: [hand] [left]
op string: [color] [blue]
op content: [time] [3:45]
op close_instance: [thing] []
op open_instance: [thing] []
op string: [name] [thing]
op string: [color] [green]
op content: [time] [2:15]
op string: [hand] [left]
op string: [color] [blue]
op content: [time] [3:45]
op close_instance: [thing] []
op open_instance: [thing] []
op string: [name] [thing]
op string: [color] [green]
op content: [time] [2:15]
op string: [hand] [left]
op string: [color] [blue]
op content: [time] [3:45]
op close_instance: [thing] []
op open_instance: [thing] []
op string: [name] [thing]
op string: [color] [green]
op content: [time] [2:15]
op string: [hand] [left]
op string: [color] [blue]
op content: [time] [3:45]
op close_instance: [thing] []
op open_instance: [thing] []
op string: [name] [thing]
op string: [color] [green]
op content: [time] [2:15]
op string: [hand] [left]
op string: [color] [blue]
op content: [time] [3:45]
op close_instance: [thing] []
op open_instance: [thing] []
op string: [name] [thing]
op string: [color] [green]
op content: [time] [2:15]
op string: [hand] [left]
op string: [color] [blue]
op content: [time] [3:45]
op close_instance: [thing] []
op open_instance: [thing] []
op string: [name] [thing]
op string: [color] [green]
op content: [time] [2:15]
op string: [hand] [left]
op string: [color] [blue]
op content: [time] [3:45]
op close_instance: [thing] []
op open_instance: [thing] []
op string: [name] [thing]
op string: [color] [green]
op content: [time] [2:15]
op string: [hand] [left]
op string: [color] [blue]
op content: [time] [3:45]
op close_instance: [thing] []
op close_list: [thing] []
op close_container: [data] []
op close_container: [top] []
op finish: [] []
op flush: [] []
