op create: [] []
op open_container: [top] []
op content: [kve_start] [0xdeadbeef]
op content: [kve_end] [0xcabb1e]
op string: [host] [my-box]
op string: [domain] [example.com]
op string: [host] [my-box]
op string: [domain] [example.com]
op string: [label] [value]
op string: [max-chaos] [very]
op content: [min-chaos] [42]
op string: [some-chaos] [[42]]
op string: [host] [my-box]
op string: [domain] [example.com]
op attr: [test] [value]
op open_container: [data] []
op open_list: [item] []
op attr: [test2] [value2]
op open_instance: [item] []
op attr: [test3] [value3]
op string: [sku] [GRO-000-415]
op string: [name] [gum]
op content: [sold] [1412]
op content: [in-stock] [54]
op content: [on-order] [10]
op close_instance: [item] []
op open_instance: [item] []
op attr: [test3] [value3]
op string: [sku] [HRD-000-212]
op string: [name] [rope]
op content: [sold] [85]
op content: [in-stock] [4]
op content: [on-order] [2]
op close_instance: [item] []
op open_instance: [item] []
op attr: [test3] [value3]
op string: [sku] [HRD-000-517]
op string: [name] [ladder]
op content: [sold] [0]
op content: [in-stock] [2]
op content: [on-order] [1]
op close_instance: [item] []
op open_instance: [item] []
op attr: [test3] [value3]
op string: [sku] [HRD-000-632]
op string: [name] [bolt]
op content: [sold] [4123]
op content: [in-stock] [144]
op content: [on-order] [42]
op close_instance: [item] []
op open_instance: [item] []
op attr: [test3] [value3]
op string: [sku] [GRO-000-2331]
op string: [name] [water]
op content: [sold] [17]
op content: [in-stock] [14]
op content: [on-order] [2]
op close_instance: [item] []
op close_list: [item] []
op close_container: [data] []
op open_container: [data2] []
op open_list: [item] []
op open_instance: [item] []
op string: [sku] [GRO-000-415]
op string: [name] [gum]
op content: [sold] [1412.0]
op content: [in-stock] [54]
op content: [on-order] [10]
op close_instance: [item] []
op open_instance: [item] []
op string: [sku] [HRD-000-212]
op string: [name] [rope]
op content: [sold] [85.0]
op content: [in-stock] [4]
op content: [on-order] [2]
op close_instance: [item] []
op open_instance: [item] []
op string: [sku] [HRD-000-517]
op string: [name] [ladder]
op content: [sold] [0]
op content: [in-stock] [2]
op content: [on-order] [1]
op close_instance: [item] []
op open_instance: [item] []
op string: [sku] [HRD-000-632]
op string: [name] [bolt]
op content: [sold] [4123.0]
op content: [in-stock] [144]
op content: [on-order] [42]
op close_instance: [item] []
op open_instance: [item] []
op string: [sku] [GRO-000-2331]
op string: [name] [water]
op content: [sold] [17.0]
op content: [in-stock] [14]
op content: [on-order] [2]
op close_instance: [item] []
op close_list: [item] []
op close_container: [data2] []
op open_container: [data3] []
op open_list: [item] []
op open_instance: [item] []
op string: [sku] [GRO-000-533]
op string: [name] [fish]
op content: [sold] [1321.0]
op content: [in-stock] [45]
op content: [on-order] [1]
op close_instance: [item] []
op close_list: [item] []
op close_container: [data3] []
op open_container: [data4] []
op open_list: [item] []
op attr: [test4] [value4]
op string: [item] [gum]
op attr: [test4] [value4]
op string: [item] [rope]
op attr: [test4] [value4]
op string: [item] [ladder]
op attr: [test4] [value4]
op string: [item] [bolt]
op attr: [test4] [value4]
op string: [item] [water]
op close_list: [item] []
op close_container: [data4] []
op content: [cost] [425]
op content: [cost] [455]
op string: [mode] [mode]
op string: [mode_octal] [octal]
op string: [links] [links]
op string: [user] [user]
op string: [group] [group]
op string: [mode] [/some/file]
op content: [mode_octal] [640]
op content: [links] [1]
op string: [user] [user]
op string: [group] [group]
op close_container: [top] []
op finish: [] []
op flush: [] []
