<div class="line">
  <div class="text">The </div>
  <div class="data" data-tag="name" data-xpath="/top/data/thing/name">thing</div>
  <div class="text"> is </div>
  <div class="data" data-tag="color" data-xpath="/top/data/thing[name = 'thing']/color">green</div>
  <div class="text"> til </div>
  <div class="data" data-tag="time" data-xpath="/top/data/thing[name = 'thing']/time">02:15</div>
</div>
<div class="line">
  <div class="text">My </div>
  <div class="data" data-tag="hand" data-xpath="/top/data/thing[name = 'thing']/hand">left</div>
  <div class="text"> hand is </div>
  <div class="data" data-tag="color" data-xpath="/top/data/thing[name = 'thing']/color">blue</div>
  <div class="text"> til </div>
  <div class="data" data-tag="time" data-xpath="/top/data/thing[name = 'thing']/time">03:45</div>
</div>
<div class="line">
  <div class="text">The </div>
  <div class="data" data-tag="name" data-xpath="/top/data/thing/name">thing</div>
  <div class="text"> is </div>
  <div class="data" data-tag="color" data-xpath="/top/data/thing[name = 'thing']/color">green</div>
  <div class="text"> til </div>
  <div class="data" data-tag="time" data-xpath="/top/data/thing[name = 'thing']/time">02:15</div>
</div>
<div class="line">
  <div class="text">My </div>
  <div class="data" data-tag="hand" data-xpath="/top/data/thing[name = 'thing']/hand">left</div>
  <div class="text"> hand is </div>
  <div class="data" data-tag="color" data-xpath="/top/data/thing[name = 'thing']/color">blue</div>
  <div class="text"> til </div>
  <div class="data" data-tag="time" data-xpath="/top/data/thing[name = 'thing']/time">03:45</div>
</div>
<div class="line">
  <div class="text">The </div>
  <div class="data" data-tag="name" data-xpath="/top/data/thing/name">thing</div>
  <div class="text"> is </div>
  <div class="data" data-tag="color" data-xpath="/top/data/thing[name = 'thing']/color">green</div>
  <div class="text"> til </div>
  <div class="data" data-tag="time" data-xpath="/top/data/thing[name = 'thing']/time">02:15</div>
</div>
<div class="line">
  <div class="text">My </div>
  <div class="data" data-tag="hand" data-xpath="/top/data/thing[name = 'thing']/hand">left</div>
  <div class="text"> hand is </div>
  <div class="data" data-tag="color" data-xpath="/top/data/thing[name = 'thing']/color">blue</div>
  <div class="text"> til </div>
  <div class="data" data-tag="time" data-xpath="/top/data/thing[name = 'thing']/time">03:45</div>
</div>
<div class="line">
  <div class="text">The </div>
  <div class="data" data-tag="name" data-xpath="/top/data/thing/name">thing</div>
  <div class="text"> is </div>
  <div class="data" data-tag="color" data-xpath="/top/data/thing[name = 'thing']/color">green</div>
  <div class="text"> til </div>
  <div class="data" data-tag="time" data-xpath="/top/data/thing[name = 'thing']/time">02:15</div>
</div>
<div class="line">
  <div class="text">My </div>
  <div class="data" data-tag="hand" data-xpath="/top/data/thing[name = 'thing']/hand">left</div>
  <div class="text"> hand is </div>
  <div class="data" data-tag="color" data-xpath="/top/data/thing[name = 'thing']/color">blue</div>
  <div class="text"> til </div>
  <div class="data" data-tag="time" data-xpath="/top/data/thing[name = 'thing']/time">03:45</div>
</div>
<div class="line">
  <div class="text">The </div>
  <div class="data" data-tag="name" data-xpath="/top/data/thing/name">thing</div>
  <div class="text"> is </div>
  <div class="data" data-tag="color" data-xpath="/top/data/thing[name = 'thing']/color">green</div>
  <div class="text"> til </div>
  <div class="data" data-tag="time" data-xpath="/top/data/thing[name = 'thing']/time">02:15</div>
</div>
<div class="line">
  <div class="text">My </div>
  <div class="data" data-tag="hand" data-xpath="/top/data/thing[name = 'thing']/hand">left</div>
  <div class="text"> hand is </div>
  <div class="data" data-tag="color" data-xpath="/top/data/thing[name = 'thing']/color">blue</div>
  <div class="text"> til </div>
  <div class="data" data-tag="time" data-xpath="/top/data/thing[name = 'thing']/time">03:45</div>
</div>
<div class="line">
  <div class="text">The </div>
  <div class="data" data-tag="name" data-xpath="/top/data/thing/name">thing</div>
  <div class="text"> is </div>
  <div class="data" data-tag="color" data-xpath="/top/data/thing[name = 'thing']/color">green</div>
  <div class="text"> til </div>
  <div class="data" data-tag="time" data-xpath="/top/data/thing[name = 'thing']/time">02:15</div>
</div>
<div class="line">
  <div class="text">My </div>
  <div class="data" data-tag="hand" data-xpath="/top/data/thing[name = 'thing']/hand">left</div>
  <div class="text"> hand is </div>
  <div class="data" data-tag="color" data-xpath="/top/data/thing[name = 'thing']/color">blue</div>
  <div class="text"> til </div>
  <div class="data" data-tag="time" data-xpath="/top/data/thing[name = 'thing']/time">03:45</div>
</div>
<div class="line">
  <div class="text">The </div>
  <div class="data" data-tag="name" data-xpath="/top/data/thing/name">thing</div>
  <div class="text"> is </div>
  <div class="data" data-tag="color" data-xpath="/top/data/thing[name = 'thing']/color">green</div>
  <div class="text"> til </div>
  <div class="data" data-tag="time" data-xpath="/top/data/thing[name = 'thing']/time">02:15</div>
</div>
<div class="line">
  <div class="text">My </div>
  <div class="data" data-tag="hand" data-xpath="/top/data/thing[name = 'thing']/hand">left</div>
  <div class="text"> hand is </div>
  <div class="data" data-tag="color" data-xpath="/top/data/thing[name = 'thing']/color">blue</div>
  <div class="text"> til </div>
  <div class="data" data-tag="time" data-xpath="/top/data/thing[name = 'thing']/time">03:45</div>
</div>
<div class="line">
  <div class="text">The </div>
  <div class="data" data-tag="name" data-xpath="/top/data/thing/name">thing</div>
  <div class="text"> is </div>
  <div class="data" data-tag="color" data-xpath="/top/data/thing[name = 'thing']/color">green</div>
  <div class="text"> til </div>
  <div class="data" data-tag="time" data-xpath="/top/data/thing[name = 'thing']/time">02:15</div>
</div>
<div class="line">
  <div class="text">My </div>
  <div class="data" data-tag="hand" data-xpath="/top/data/thing[name = 'thing']/hand">left</div>
  <div class="text"> hand is </div>
  <div class="data" data-tag="color" data-xpath="/top/data/thing[name = 'thing']/color">blue</div>
  <div class="text"> til </div>
  <div class="data" data-tag="time" data-xpath="/top/data/thing[name = 'thing']/time">03:45</div>
</div>
<div class="line">
  <div class="text">The </div>
  <div class="data" data-tag="name" data-xpath="/top/data/thing/name">thing</div>
  <div class="text"> is </div>
  <div class="data" data-tag="color" data-xpath="/top/data/thing[name = 'thing']/color">green</div>
  <div class="text"> til </div>
  <div class="data" data-tag="time" data-xpath="/top/data/thing[name = 'thing']/time">02:15</div>
</div>
<div class="line">
  <div class="text">My </div>
  <div class="data" data-tag="hand" data-xpath="/top/data/thing[name = 'thing']/hand">left</div>
  <div class="text"> hand is </div>
  <div class="data" data-tag="color" data-xpath="/top/data/thing[name = 'thing']/color">blue</div>
  <div class="text"> til </div>
  <div class="data" data-tag="time" data-xpath="/top/data/thing[name = 'thing']/time">03:45</div>
</div>
<div class="line">
  <div class="text">The </div>
  <div class="data" data-tag="name" data-xpath="/top/data/thing/name">thing</div>
  <div class="text"> is </div>
  <div class="data" data-tag="color" data-xpath="/top/data/thing[name = 'thing']/color">green</div>
  <div class="text"> til </div>
  <div class="data" data-tag="time" data-xpath="/top/data/thing[name = 'thing']/time">02:15</div>
</div>
<div class="line">
  <div class="text">My </div>
  <div class="data" data-tag="hand" data-xpath="/top/data/thing[name = 'thing']/hand">left</div>
  <div class="text"> hand is </div>
  <div class="data" data-tag="color" data-xpath="/top/data/thing[name = 'thing']/color">blue</div>
  <div class="text"> til </div>
  <div class="data" data-tag="time" data-xpath="/top/data/thing[name = 'thing']/time">03:45</div>
</div>
