int_curr_symbol=""
currency_symbol=""
mon_decimal_point=""
mon_thousands_sep=""
mon_grouping="127"
positive_sign=""
negative_sign=""
int_frac_digits=127
frac_digits=127
p_cs_precedes=127
p_sep_by_space=127
n_cs_precedes=127
n_sep_by_space=127
p_sign_posn=127
n_sign_posn=127
int_p_cs_precedes=127
int_n_cs_precedes=127
int_p_sep_by_space=127
int_n_sep_by_space=127
int_p_sign_posn=127
int_n_sign_posn=127
