decimal_point="."
thousands_sep=""
grouping="127"
